
============================================================
[Diff Sharpe] full_H16_raw  H=16  fee=N
============================================================
  Step     0  Val SR=+0.20  TO=0.1305
  Step  2000  Val SR=+2.50  TO=0.3634
  Step  4000  Val SR=+2.54  TO=0.3342
  Step  6000  Val SR=+2.37  TO=0.3233
  Step  8000  Val SR=+2.26  TO=0.3190
  Step 10000  Val SR=+2.13  TO=0.3214
  Step 12000  Val SR=+2.11  TO=0.3220
  Step 14000  Val SR=+2.07  TO=0.3205
  Step 16000  Val SR=+2.06  TO=0.3197
  Step 18000  Val SR=+2.05  TO=0.3203
  [full_H16_raw] Time=40s  Best Val=2.54  Test SR=2.55  Test TO=0.3176
  ⏱ 40s

============================================================
[Diff Sharpe] full_H32_raw  H=32  fee=N
============================================================
  Step     0  Val SR=-0.61  TO=0.1270
  Step  2000  Val SR=+2.53  TO=0.1857
  Step  4000  Val SR=+2.14  TO=0.1660
  Step  6000  Val SR=+1.91  TO=0.1522
  Step  8000  Val SR=+1.75  TO=0.1453
  Step 10000  Val SR=+1.57  TO=0.1404
  Step 12000  Val SR=+1.41  TO=0.1400
  Step 14000  Val SR=+1.34  TO=0.1382
  Step 16000  Val SR=+1.29  TO=0.1385
  Step 18000  Val SR=+1.26  TO=0.1375
  [full_H32_raw] Time=41s  Best Val=2.72  Test SR=1.20  Test TO=0.1295
  ⏱ 81s

============================================================
[Diff Sharpe] full_H64_raw  H=64  fee=N
============================================================
  Step     0  Val SR=+1.14  TO=0.1297
  Step  2000  Val SR=+2.51  TO=0.1394
  Step  4000  Val SR=+1.65  TO=0.1203
  Step  6000  Val SR=+1.10  TO=0.1155
  Step  8000  Val SR=+1.36  TO=0.1117
  Step 10000  Val SR=+1.10  TO=0.1114
  Step 12000  Val SR=+0.98  TO=0.1081
  Step 14000  Val SR=+0.98  TO=0.1072
  Step 16000  Val SR=+0.91  TO=0.1057
  Step 18000  Val SR=+0.88  TO=0.1048
  [full_H64_raw] Time=41s  Best Val=2.79  Test SR=0.75  Test TO=0.0980
  ⏱ 122s

============================================================
[Diff Sharpe] full_H16_fee  H=16  fee=Y
============================================================
  Step     0  Val SR=+0.66  TO=0.1332
  Step  2000  Val SR=+1.69  TO=0.0744
  Step  4000  Val SR=+1.96  TO=0.0800
  Step  6000  Val SR=+1.90  TO=0.0795
  Step  8000  Val SR=+1.94  TO=0.0807
  Step 10000  Val SR=+1.93  TO=0.0781
  Step 12000  Val SR=+1.90  TO=0.0776
  Step 14000  Val SR=+1.93  TO=0.0770
  Step 16000  Val SR=+1.96  TO=0.0766
  Step 18000  Val SR=+1.92  TO=0.0765
  [full_H16_fee] Time=46s  Best Val=1.96  Test SR=1.55  Test TO=0.0633
  ⏱ 168s

============================================================
[Diff Sharpe] siz_percoin_H16_raw  H=16  fee=N
============================================================
  Step     0  Val SR=+0.32  TO=0.0810
  Step  2000  Val SR=+2.06  TO=2.3864
  Step  4000  Val SR=+1.96  TO=2.3439
  Step  6000  Val SR=+1.89  TO=2.4123
  Step  8000  Val SR=+1.82  TO=2.4284
  Step 10000  Val SR=+1.81  TO=2.5000
  Step 12000  Val SR=+1.81  TO=2.5233
  Step 14000  Val SR=+1.81  TO=2.5743
  Step 16000  Val SR=+1.81  TO=2.5839
  Step 18000  Val SR=+1.81  TO=2.5815
  [siz_percoin_H16_raw] Time=41s  Best Val=2.06  Test SR=1.64  Test TO=2.5913
  ⏱ 209s

============================================================
[Diff Sharpe] siz_uniform_H16_raw  H=16  fee=N
============================================================
  Step     0  Val SR=+0.40  TO=0.0005
  Step  2000  Val SR=+2.29  TO=0.0160
  Step  4000  Val SR=+2.28  TO=0.0187
  Step  6000  Val SR=+2.42  TO=0.0201
  Step  8000  Val SR=+2.51  TO=0.0211
  Step 10000  Val SR=+2.44  TO=0.0209
  Step 12000  Val SR=+2.37  TO=0.0209
  Step 14000  Val SR=+2.37  TO=0.0212
  Step 16000  Val SR=+2.35  TO=0.0213
  Step 18000  Val SR=+2.35  TO=0.0213
  [siz_uniform_H16_raw] Time=42s  Best Val=2.51  Test SR=1.85  Test TO=0.0207
  ⏱ 251s

============================================================
[Diff Sharpe] full_H16_sig_fee  H=16  fee=Y
============================================================
  Step     0  Val SR=+0.33  TO=0.1390
  Step  2000  Val SR=+2.81  TO=0.0114
  Step  4000  Val SR=+2.24  TO=0.0118
  Step  6000  Val SR=+1.94  TO=0.0108
  Step  8000  Val SR=+1.96  TO=0.0101
  Step 10000  Val SR=+1.97  TO=0.0099
  Step 12000  Val SR=+2.01  TO=0.0094
  Step 14000  Val SR=+2.03  TO=0.0092
  Step 16000  Val SR=+1.94  TO=0.0092
  Step 18000  Val SR=+1.97  TO=0.0091
  [full_H16_sig_fee] Time=46s  Best Val=2.81  Test SR=0.66  Test TO=0.0065
  ⏱ 297s

============================================================
SUMMARY
============================================================
Experiment                       Val SR  Test SR       TO
--------------------------------------------------------
full_H16_raw                       2.54     2.55   0.3176
full_H32_raw                       2.72     1.20   0.1295
full_H64_raw                       2.79     0.75   0.0980
full_H16_fee                       1.96     1.55   0.0633
siz_percoin_H16_raw                2.06     1.64   2.5913
siz_uniform_H16_raw                2.51     1.85   0.0207
full_H16_sig_fee                   2.81     0.66   0.0065
EW Baseline                           —    -0.24        —

Total: 297s
DONE: 0
