
============================================================
[Train] Vanilla H=16
============================================================
  Step     0  Val SR=0.20  TO=0.1298  Act=100.00%  Net SR=-1.32
  Step  5000  Val SR=1.85  TO=0.0552  Act=100.00%  Net SR=0.83
  Step 10000  Val SR=1.77  TO=0.0493  Act=100.00%  Net SR=0.62
  Step 15000  Val SR=1.66  TO=0.0483  Act=100.00%  Net SR=0.45
  [Vanilla H=16] Done in 46s
  Test: SR=1.50  TO=0.0399  Act=100.00%  Net SR=0.40

============================================================
[Train] Gated H=16 (fee-aware)
============================================================
  Step     0  Val SR=0.04  TO=0.0078  Act=100.00%  Net SR=-2.70
  Step  5000  Val SR=1.36  TO=0.0065  Act=100.00%  Net SR=0.95
  Step 10000  Val SR=1.06  TO=0.0089  Act=100.00%  Net SR=0.49
  Step 15000  Val SR=0.92  TO=0.0089  Act=100.00%  Net SR=0.38
  [Gated H=16 (fee-aware)] Done in 68s
  Test: SR=0.38  TO=0.0056  Act=100.00%  Net SR=-0.03

============================================================
[Threshold Sweep] Vanilla + post-hoc |w| < th → 0
============================================================
    th       SR       TO   Net SR   Active
  ------------------------------------------
   0.00     1.45   0.0507     0.49  100.00%
   0.02     1.45   0.0491     0.52  100.00%
   0.05     1.47   0.0486     0.54  100.00%
   0.10     1.41   0.0376     0.69   99.75%
   0.15     1.27   0.0269     0.74   94.76%
   0.20     0.87   0.0189     0.48   73.84%
   0.30     0.88   0.0047     0.78    1.07%

============================================================
[Threshold Sweep] Gated + post-hoc |w| < th → 0
============================================================
    th       SR       TO   Net SR   Active
  ------------------------------------------
   0.00     0.49   0.0040     0.24  100.00%
   0.02     0.34   0.0015     0.25    1.42%
   0.05     0.30   0.0011     0.24    0.55%
   0.10     0.33   0.0008     0.28    0.25%
   0.15     0.46   0.0007     0.41    0.13%
   0.20     0.47   0.0006     0.43    0.10%
   0.30     0.43   0.0004     0.40    0.07%

============================================================
FINAL SUMMARY
============================================================
Method                          Test SR       TO   Net SR   Active
----------------------------------------------------------------
vanilla                            1.45   0.0507     0.49  100.00%
gated                              0.49   0.0040     0.24  100.00%
  Vanilla: best threshold=0.30 → Net SR=0.78
  Gated: best threshold=0.20 → Net SR=0.43

Total: 143s
DONE: 0
