═══ RL Experiment Suite ═══
Device: mps

Data: 189,671 bars, 9 coins
Train: 0:132769  Val: 132769:161219  Test: 161219:189671
EW Train Sharpe: 0.6766

============================================================
[Exp 2] Differentiable Sharpe (direct optimization, no RL)
============================================================
       0 | loss=-0.0270 | SR_batch=2.53
    1000 | loss=-0.9623 | SR_batch=90.06
    2000 | loss=-0.9188 | SR_batch=86.00
  → Best Val: 76.9008
    3000 | loss=-0.7941 | SR_batch=74.32
    4000 | loss=-0.9105 | SR_batch=85.22
    5000 | loss=-1.1595 | SR_batch=108.53
    6000 | loss=-1.0902 | SR_batch=102.04
    7000 | loss=-0.8753 | SR_batch=81.92
    8000 | loss=-0.9862 | SR_batch=92.31
    9000 | loss=-1.0995 | SR_batch=102.91
   10000 | loss=-1.0027 | SR_batch=93.85
   11000 | loss=-0.9018 | SR_batch=84.40
   12000 | loss=-1.1510 | SR_batch=107.73
   13000 | loss=-0.8884 | SR_batch=83.15
   14000 | loss=-0.9401 | SR_batch=87.99
   15000 | loss=-1.1642 | SR_batch=108.96
   16000 | loss=-1.3297 | SR_batch=124.45
   17000 | loss=-0.9862 | SR_batch=92.30
   18000 | loss=-0.9328 | SR_batch=87.31
   19000 | loss=-0.9122 | SR_batch=85.37
   20000 | loss=-1.0833 | SR_batch=101.39
   21000 | loss=-1.2938 | SR_batch=121.09
   22000 | loss=-0.9597 | SR_batch=89.82
   23000 | loss=-1.2837 | SR_batch=120.15
   24000 | loss=-1.1181 | SR_batch=104.65
   25000 | loss=-0.9529 | SR_batch=89.19
   26000 | loss=-1.0585 | SR_batch=99.07
   27000 | loss=-1.1879 | SR_batch=111.18
   28000 | loss=-1.1233 | SR_batch=105.13
   29000 | loss=-1.3430 | SR_batch=125.69
   30000 | loss=-1.2150 | SR_batch=113.72
   31000 | loss=-1.1364 | SR_batch=106.36
   32000 | loss=-1.1721 | SR_batch=109.70
   33000 | loss=-1.1516 | SR_batch=107.79
   34000 | loss=-1.0497 | SR_batch=98.25
   35000 | loss=-1.1742 | SR_batch=109.90
   36000 | loss=-0.9343 | SR_batch=87.45
   37000 | loss=-0.9935 | SR_batch=92.99
   38000 | loss=-1.0663 | SR_batch=99.80
   39000 | loss=-1.2822 | SR_batch=120.01
   40000 | loss=-0.9201 | SR_batch=86.11
   41000 | loss=-1.1315 | SR_batch=105.90
   42000 | loss=-1.3590 | SR_batch=127.20
   43000 | loss=-1.2234 | SR_batch=114.50
   44000 | loss=-0.8855 | SR_batch=82.88
   45000 | loss=-1.0283 | SR_batch=96.24
   46000 | loss=-1.0451 | SR_batch=97.81
   47000 | loss=-1.0811 | SR_batch=101.19
   48000 | loss=-1.2865 | SR_batch=120.41
   49000 | loss=-1.1580 | SR_batch=108.39

[Exp 2] Best Val: 76.9008 | Test: 57.3738

⏱ 681s elapsed

============================================================
[Exp 1] GRPO Direct on Raw Returns (stock-style)
============================================================
      0 | loss=-0.0050 | mean_r=0.000030 | adv=-0.0000
    200 | loss=-0.0498 | mean_r=0.000206 | adv=-0.0000
    400 | loss=-0.0138 | mean_r=0.001379 | adv=-0.0000
    600 | loss=-0.0297 | mean_r=0.000273 | adv=-0.0000
DONE: 143
