Training pairs: 132,768
Joint dim: 25, Latent mean/std: [-0.103 -0.055  0.078]/[1.077 0.816 0.741]
═══ CFM — Synthetic (latent, return) Generation ═══
Device: mps, Joint dim: 25

Training CFM...
  Step      0  loss=2.029224
  Step   5000  loss=1.237060
  Step  10000  loss=1.210830
  Step  15000  loss=1.228043
  CFM training done: 55s

Sampling 200K synthetic pairs...
Traceback (most recent call last):
  File "/Users/alexios/Project/projects_generated/crypto-research/experiments/rl-variants/exp_d_cfm.py", line 155, in <module>
    lat_syn = lat_syn * ls.numpy() + lm.numpy()
                        ^^^^^^^^
AttributeError: 'numpy.ndarray' object has no attribute 'numpy'. Did you mean: 'dump'?
DONE: 1
Training pairs: 132,768
Joint dim: 25, Latent mean/std: [-0.103 -0.055  0.078]/[1.077 0.816 0.741]
═══ CFM — Synthetic (latent, return) Generation ═══
Device: mps, Joint dim: 25

Training CFM...
  Step      0  loss=2.029224
  Step   5000  loss=1.237060
  Step  10000  loss=1.210830
  Step  15000  loss=1.228043
  CFM training done: 51s

Sampling 200K synthetic pairs...

Synthetic stats:
  Latent: mean=[-0.0437 -0.1001  0.0854] std=[1.0526 0.8113 0.7178]
  Returns: mean=0.000049 std=0.004878
  Real returns: mean=0.000028 std=0.004966

✅ Saved: data/synthetic_cfm.npz (200K pairs)
✅ Saved: data/cfm_joint.pt (model)
DONE: 0
