═══ Vectorized Env RL — "Trade When" ═══

============================================================
[Train] DeltaSoft θ=0.15  B=256  L=64
============================================================
  Step     0  Val SR=-0.36  wall=0s
  Step  2500  Val SR=1.75  wall=52s
  Step  5000  Val SR=2.12  wall=105s
  Step  7500  Val SR=2.01  wall=157s
  [DeltaSoft θ=0.15] Done in 249s
  Test: SR=0.66  TO=0.1657  Net SR=-0.10  Act=53.70%

============================================================
[Train] DeltaSoft θ=0.10  B=256  L=64
============================================================
  Step     0  Val SR=0.90  wall=0s
  Step  2500  Val SR=1.99  wall=53s
  Step  5000  Val SR=2.05  wall=105s
  Step  7500  Val SR=2.05  wall=158s
  [DeltaSoft θ=0.10] Done in 237s
  Test: SR=0.33  TO=0.0773  Net SR=-0.08  Act=45.27%

============================================================
[Train] DeltaSoft θ=0.20  B=256  L=64
============================================================
  Step     0  Val SR=1.06  wall=0s
  Step  2500  Val SR=1.82  wall=53s
  Step  5000  Val SR=1.85  wall=106s
  Step  7500  Val SR=1.91  wall=159s
  [DeltaSoft θ=0.20] Done in 238s
  Test: SR=0.36  TO=0.0740  Net SR=-0.01  Act=52.85%

============================================================
FINAL SUMMARY
============================================================
Method                    Test SR      TO  Net SR  Active
--------------------------------------------------------
ds_010                       0.33  0.0773   -0.08  45.27%
ds_015                       0.66  0.1657   -0.10  53.70%
ds_020                       0.36  0.0740   -0.01  52.85%

————————————————————————————————————————————————————————
Prev Best (SoftThresh θ=0.3)    0.94   0.003    0.79       —

Total: 724s
DONE: 0
