
============================================================
PART 1/3 — Training
============================================================

============================================================
[Diff Sharpe] H=16, raw returns
============================================================
  Step     0  Val SR=0.20  TO=0.1305
  Step  4000  Val SR=2.54  TO=0.3215
  Step  8000  Val SR=2.22  TO=0.2981
  Step 12000  Val SR=2.06  TO=0.3041
  Step 16000  Val SR=2.09  TO=0.3135
[Diff Sharpe] Time=40s  Best Val=2.54  Test SR=2.64  TO=0.3327

============================================================
[GRPO] H=16, raw returns
============================================================
  Step     0  Val SR=-0.01  TO=0.1307  σ=1.000
  Step  2000  Val SR=2.60  TO=4.4982  σ=0.655
  Step  4000  Val SR=2.70  TO=4.6235  σ=0.646
  Step  6000  Val SR=2.82  TO=4.6421  σ=0.646
  Step  8000  Val SR=2.91  TO=4.6695  σ=0.647
[GRPO] Time=287s  Best Val=2.91  Test SR=2.84  TO=4.5185

============================================================
PART 2/3 — Smoothing Tradeoff (Diff Sharpe)
============================================================

============================================================
[Post-hoc Smoothing] Diff Sharpe H=16
============================================================
  alpha       SR        TO    Fee SR    Fee TO     Σ|w|
----------------------------------------------------
    raw     2.64    0.3327    -11.92      0.01%    0.078
    0.8     2.43    0.2564     -9.34      0.01%    0.076
    0.6     2.18    0.1904     -6.98      0.01%    0.074
    0.5     2.04    0.1599     -5.86      0.01%    0.073
    0.4     1.88    0.1304     -4.78      0.01%    0.071
    0.3     1.71    0.1016     -3.72      0.00%    0.070
    0.2     1.47    0.0724     -2.67      0.00%    0.068
    0.1     1.13    0.0411     -1.55      0.00%    0.063
   0.05     0.91    0.0232     -0.82      0.00%    0.058

============================================================
PART 2/3 — Smoothing Tradeoff (GRPO)
============================================================

============================================================
[Post-hoc Smoothing] GRPO H=16
============================================================
  alpha       SR        TO    Fee SR    Fee TO     Σ|w|
----------------------------------------------------
    raw     2.84    4.5185     -3.65      0.18%    0.967
    0.8     2.70    3.7508     -3.22      0.15%    0.868
    0.6     2.37    2.9696     -2.78      0.12%    0.758
    0.5     2.13    2.5634     -2.55      0.10%    0.697
    0.4     1.81    2.1425     -2.34      0.09%    0.651
    0.3     1.39    1.7001     -2.15      0.07%    0.596
    0.2     0.78    1.2244     -2.03      0.05%    0.528
    0.1     0.04    0.6880     -1.83      0.03%    0.423
   0.05    -0.18    0.3762     -1.44      0.02%    0.330

============================================================
SUMMARY — GRPO vs Diff Sharpe
============================================================
Method                 Val SR  Test SR       TO
----------------------------------------------
diff_sharpe              2.54     2.64   0.3327
grpo                     2.91     2.84   4.5185

============================================================
SUMMARY — Smoothing Tradeoff
============================================================

--- Diff Sharpe ---
  alpha       SR        TO    Fee SR     Σ|w|
    raw     2.64    0.3327    -11.92    0.078
    0.8     2.43    0.2564     -9.34    0.076
    0.6     2.18    0.1904     -6.98    0.074
    0.5     2.04    0.1599     -5.86    0.073
    0.4     1.88    0.1304     -4.78    0.071
    0.3     1.71    0.1016     -3.72    0.070
    0.2     1.47    0.0724     -2.67    0.068
    0.1     1.13    0.0411     -1.55    0.063
   0.05     0.91    0.0232     -0.82    0.058

--- GRPO ---
  alpha       SR        TO    Fee SR     Σ|w|
    raw     2.84    4.5185     -3.65    0.967
    0.8     2.70    3.7508     -3.22    0.868
    0.6     2.37    2.9696     -2.78    0.758
    0.5     2.13    2.5634     -2.55    0.697
    0.4     1.81    2.1425     -2.34    0.651
    0.3     1.39    1.7001     -2.15    0.596
    0.2     0.78    1.2244     -2.03    0.528
    0.1     0.04    0.6880     -1.83    0.423
   0.05    -0.18    0.3762     -1.44    0.330

Total: 328s
DONE: 0
