
============================================================
[Train] SoftThreshold θ_max=0.3
============================================================
  Step     0  Val SR=0.25  TO=0.1253  Act=100.00%  Avg|w|=0.134  θ≈0.0223
  Step  5000  Val SR=1.52  TO=0.0174  Act=100.00%  Avg|w|=0.011  θ≈0.0358
  Step 10000  Val SR=1.45  TO=0.0071  Act=48.73%  Avg|w|=0.002  θ≈0.0412
  Step 15000  Val SR=1.01  TO=0.0058  Act=29.93%  Avg|w|=0.001  θ≈0.0457
  [SoftThreshold θ_max=0.3] Done in 62s
  Test: SR=0.94  TO=0.0034  Net SR=0.79  Act=18.32%  Avg|w|=0.001

============================================================
[Train] SoftThreshold θ_max=0.2
============================================================
  Step     0  Val SR=1.18  TO=0.1152  Act=100.00%  Avg|w|=0.093  θ≈0.0149
  Step  5000  Val SR=1.79  TO=0.0195  Act=100.00%  Avg|w|=0.011  θ≈0.0278
  Step 10000  Val SR=1.70  TO=0.0119  Act=99.98%  Avg|w|=0.005  θ≈0.0373
  Step 15000  Val SR=1.42  TO=0.0071  Act=22.91%  Avg|w|=0.002  θ≈0.0432
  [SoftThreshold θ_max=0.2] Done in 62s
  Test: SR=0.70  TO=0.0038  Net SR=0.40  Act=16.93%  Avg|w|=0.001

============================================================
[Train] SoftThreshold θ_max=0.5
============================================================
  Step     0  Val SR=-0.66  TO=0.1184  Act=100.00%  Avg|w|=0.116  θ≈0.0376
  Step  5000  Val SR=1.69  TO=0.0323  Act=95.28%  Avg|w|=0.011  θ≈0.0556
  Step 10000  Val SR=1.55  TO=0.0131  Act=34.56%  Avg|w|=0.003  θ≈0.0673
  Step 15000  Val SR=1.74  TO=0.0096  Act=23.64%  Avg|w|=0.002  θ≈0.0757
  [SoftThreshold θ_max=0.5] Done in 62s
  Test: SR=0.95  TO=0.0051  Net SR=0.65  Act=21.38%  Avg|w|=0.001

============================================================
[Analysis] Learned Threshold Distribution
============================================================
  Active ratio: 6.29%
  Theta stats per coin:
    coin[0]: mean=0.0484  std=0.0031  min=0.0043  max=0.0589
    coin[1]: mean=0.0463  std=0.0027  min=0.0207  max=0.0666
    coin[2]: mean=0.0511  std=0.0073  min=0.0294  max=0.2419
    coin[3]: mean=0.0643  std=0.0073  min=0.0370  max=0.2331
    coin[4]: mean=0.0471  std=0.0066  min=0.0210  max=0.1954
    coin[5]: mean=0.0627  std=0.0078  min=0.0285  max=0.2345
    coin[6]: mean=0.0445  std=0.0149  min=0.0160  max=0.2971
    coin[7]: mean=0.0505  std=0.0124  min=0.0226  max=0.2876
    coin[8]: mean=0.0370  std=0.0074  min=0.0250  max=0.2577

  # Bars with w=0 (all coins): 20,691/28,451

============================================================
FINAL SUMMARY
============================================================
Method                          Test SR       TO   Net SR   Active      |w|
------------------------------------------------------------------------
softthresh                         0.94   0.0034     0.79   18.32%    0.001
softthresh_02                      0.70   0.0038     0.40   16.93%    0.001
softthresh_05                      0.95   0.0051     0.65   21.38%    0.001

Total: 216s
DONE: 0
