═══ RL Experiment Suite (Efficient) ═══
Device: mps

Data: 189,669 bars, segment L=5
  Train: 132,768 bars, EW Sharpe=0.6763
  Val: 28,450 bars, EW Sharpe=0.3240
  Test: 28,451 bars, EW Sharpe=-0.2410

============================================================
[Exp 2] Differentiable Sharpe (direct optimization)
============================================================
  Step     0  SR=3.55
  Step  1000  SR=56.21
  Step  2000  SR=64.96
  Step  3000  SR=67.42
  Step  4000  SR=69.46
  Step  5000  SR=70.05
  Step  6000  SR=70.54
  Step  7000  SR=71.05
  Step  8000  SR=71.53
  Step  9000  SR=71.80
  Step 10000  SR=72.03
  Step 11000  SR=72.02
  Step 12000  SR=72.06
  Step 13000  SR=71.97
  Step 14000  SR=71.78
  Step 15000  SR=72.00
  Step 16000  SR=71.83
  Step 17000  SR=71.61
  Step 18000  SR=71.71
  Step 19000  SR=71.59
[Exp 2] Time=48s  Best Val=72.06  Test=69.73
⏱ 49s

============================================================
[Exp 4] Diff Sharpe on Signal-Derived PnL
============================================================
  Step     0  SR=1.79
  Step  1000  SR=13.37
  Step  2000  SR=13.87
  Step  3000  SR=16.00
  Step  4000  SR=16.29
  Step  5000  SR=16.47
  Step  6000  SR=16.78
  Step  7000  SR=16.77
  Step  8000  SR=16.74
  Step  9000  SR=16.58
  Step 10000  SR=16.50
  Step 11000  SR=16.37
  Step 12000  SR=16.27
  Step 13000  SR=16.31
  Step 14000  SR=16.26
  Step 15000  SR=16.27
  Step 16000  SR=16.24
  Step 17000  SR=16.35
  Step 18000  SR=16.28
  Step 19000  SR=16.19
[Exp 4] Time=48s  Best Val=16.78  Test=13.76
⏱ 97s

============================================================
[Exp 1] GRPO Direct on Raw Returns
============================================================
  Step     0  SR=3.62  σ=1.000
  Step   500  SR=56.29  σ=0.648
  Step  1000  SR=56.66  σ=0.642
  Step  1500  SR=56.87  σ=0.643
  Step  2000  SR=56.95  σ=0.642
  Step  2500  SR=56.94  σ=0.642
  Step  3000  SR=56.90  σ=0.642
  Step  3500  SR=56.96  σ=0.642
  Step  4000  SR=57.10  σ=0.642
  Step  4500  SR=57.11  σ=0.642
  Step  5000  SR=57.04  σ=0.642
  Step  5500  SR=57.10  σ=0.641
  Step  6000  SR=57.10  σ=0.641
  Step  6500  SR=57.17  σ=0.642
  Step  7000  SR=57.13  σ=0.642
  Step  7500  SR=57.18  σ=0.642
  Step  8000  SR=57.19  σ=0.642
  Step  8500  SR=57.21  σ=0.641
  Step  9000  SR=57.24  σ=0.641
  Step  9500  SR=57.21  σ=0.641
[Exp 1] Time=207s  Best Val=57.24  Test=55.69
⏱ 304s

============================================================
[Exp 3] GRPO on Signal-Derived PnL
============================================================
  Step     0  SR=1.96
  Step   500  SR=12.92
  Step  1000  SR=13.19
  Step  1500  SR=13.39
  Step  2000  SR=13.34
  Step  2500  SR=13.31
  Step  3000  SR=13.28
  Step  3500  SR=13.52
  Step  4000  SR=13.30
  Step  4500  SR=13.47
  Step  5000  SR=13.24
  Step  5500  SR=13.45
  Step  6000  SR=13.23
  Step  6500  SR=13.26
  Step  7000  SR=13.33
  Step  7500  SR=13.33
  Step  8000  SR=13.36
  Step  8500  SR=13.55
  Step  9000  SR=13.53
  Step  9500  SR=13.56
[Exp 3] Time=245s  Best Val=13.56  Test=9.83  EW=1.73
⏱ 548s

============================================================
RESULTS
============================================================
Experiment                  Val SR  Test SR
---------------------------------------------
exp2_diff_raw                72.06    69.73
exp4_diff_pnl                16.78    13.76
exp1_grpo_raw                57.24    55.69
exp3_grpo_pnl                13.56     9.83
EW Baseline                      —    -0.24

Total: 548s
DONE: 0
